Flutter crash report.
Please report a bug at https://github.com/flutter/flutter/issues.

## command

flutter debug_adapter

## exception

FileSystemException: FileSystemException: writeFrom failed, path = '' (OS Error: The pipe is being closed.
, errno = 232)

```
#0      _checkForErrorResponse (dart:io/common.dart:58:9)
#1      _RandomAccessFile.writeFrom.<anonymous closure> (dart:io/file_impl.dart:1000:7)
#2      _rootRunUnary (dart:async/zone.dart:1538:47)
<asynchronous suspension>
#3      _FileStreamConsumer.addStream.<anonymous closure>.<anonymous closure>.<anonymous closure> (dart:io/file_impl.dart:237:27)
<asynchronous suspension>
```

## flutter doctor

```
[✓] Flutter (Channel stable, 3.32.6, on Microsoft Windows [Version 10.0.22631.5624], locale en-GB) [696ms]
    • Flutter version 3.32.6 on channel stable at C:\Users\asied\flutter
    • Upstream repository https://github.com/flutter/flutter.git
    • Framework revision 077b4a4ce1 (8 days ago), 2025-07-08 13:31:08 -0700
    • Engine revision 72f2b18bb0
    • Dart version 3.8.1
    • DevTools version 2.45.1

[✓] Windows Version (11 Pro 64-bit, 23H2, 2009) [5.7s]

[✓] Android toolchain - develop for Android devices (Android SDK version 35.0.0) [24.6s]
    • Android SDK at C:\Users\asied\AppData\Local\Android\Sdk
    • Platform android-35, build-tools 35.0.0
    • ANDROID_HOME = C:\Users\asied\AppData\Local\Android\Sdk
    • Java binary at: C:\Program Files\Android\Android Studio\jbr\bin\java
      This is the JDK bundled with the latest Android Studio installation on this machine.
      To manually set the JDK path, use: `flutter config --jdk-dir="path/to/jdk"`.
    • Java version OpenJDK Runtime Environment (build 17.0.10+0--11609105)
    • All Android licenses accepted.

[✓] Chrome - develop for the web [212ms]
    • Chrome at C:\Program Files\Google\Chrome\Application\chrome.exe

[✓] Visual Studio - develop Windows apps (Visual Studio Community 2022 17.10.3) [211ms]
    • Visual Studio at C:\Program Files\Microsoft Visual Studio\2022\Community
    • Visual Studio Community 2022 version 17.10.35013.160
    • Windows 10 SDK version 10.0.22621.0

[✓] Android Studio (version 2024.1) [18ms]
    • Android Studio at C:\Program Files\Android\Android Studio
    • Flutter plugin can be installed from:
      🔨 https://plugins.jetbrains.com/plugin/9212-flutter
    • Dart plugin can be installed from:
      🔨 https://plugins.jetbrains.com/plugin/6351-dart
    • Java version OpenJDK Runtime Environment (build 17.0.10+0--11609105)

[✓] VS Code (version 1.102.0) [15ms]
    • VS Code at C:\Users\asied\AppData\Local\Programs\Microsoft VS Code
    • Flutter extension version 3.114.0

[✓] Connected device (4 available) [494ms]
    • JNY LX1 (mobile)  • AUDUT20901005293 • android-arm64  • Android 10 (API 29)
    • Windows (desktop) • windows          • windows-x64    • Microsoft Windows [Version 10.0.22631.5624]
    • Chrome (web)      • chrome           • web-javascript • Google Chrome 138.0.7204.101
    • Edge (web)        • edge             • web-javascript • Microsoft Edge 138.0.3351.83

[✓] Network resources [1,524ms]
    • All expected network resources are available.

• No issues found!
```
